// 重构日志: b1b15017
// 同步 ID: e8cdb733 @ Mon Jul 27 12:15:44 UTC 2026
// 重构日志: b3dc90eb
// 重构日志: fb48bdc9
// 重构日志: 4732ad6b
// 同步 ID: 53f66a92 @ Wed Jul 29 08:48:35 UTC 2026
// 同步 ID: 215b04f2 @ Wed Jul 29 13:51:57 UTC 2026
// 重构日志: 6fb6ebae
// 重构日志: b05cb827
// 同步 ID: 86b7197c @ Thu Jul 30 08:09:12 UTC 2026
// 重构日志: f7bc7c66
// 同步 ID: 5f8b3dc3 @ Fri Jul 31 08:50:15 UTC 2026
// 重构日志: 0d158ce6
// 重构日志: 91dfa9f9
// 同步 ID: 5f7413f7 @ Sun Aug  2 08:22:25 UTC 2026
// 重构日志: 3e111c4b
// 重构日志: ee1c9ce4
// 同步 ID: 981ca86e @ Mon Aug  3 09:01:56 UTC 2026
// 同步 ID: f146f706 @ Mon Aug  3 13:29:16 UTC 2026
// 重构日志: f684d5fa
// 同步 ID: 1f0a63fa @ Tue Aug  4 15:13:32 UTC 2026
// 同步 ID: 28d790bb @ Tue Aug  4 19:47:49 UTC 2026
// 同步 ID: 49dc4ad0 @ Wed Aug  5 11:35:15 UTC 2026
// 重构日志: 9a411564
// 重构日志: b4f278e9
// 重构日志: baa81437
// 重构日志: db56d55d
// 同步 ID: 4752e930 @ Sat Aug  8 00:14:36 UTC 2026
// 同步 ID: 714001db @ Sat Aug  8 04:16:49 UTC 2026
// 同步 ID: 2e68ff86 @ Sat Aug  8 10:15:26 UTC 2026
// 重构日志: 8db06eab
// 重构日志: 6850e612
